2025-10-04 13:24:52,611 - INFO - Game initialized
2025-10-04 13:24:57,313 - INFO - Black placed stone at (2, 3).
2025-10-04 13:24:58,463 - INFO - White placed stone at (4, 3).
2025-10-04 13:24:59,150 - INFO - Black placed stone at (4, 2).
2025-10-04 13:26:08,740 - INFO - Game initialized
2025-10-04 13:26:34,021 - INFO - Game initialized
2025-10-04 13:26:56,951 - INFO - Game timer started
2025-10-04 13:26:56,951 - INFO - ============================================================
2025-10-04 13:26:56,951 - INFO - Game initialized - New Go Game (9x9) started
2025-10-04 13:26:56,951 - INFO - Initial time: 10 minutes per player
2025-10-04 13:26:56,951 - INFO - ============================================================
2025-10-04 13:27:01,403 - INFO - Move 1: Black placed stone at position (2, 1)
2025-10-04 13:27:01,404 - INFO - Turn switched to White
2025-10-04 13:27:01,404 - INFO - ----------------------------------------
2025-10-04 13:27:01,912 - INFO - Move 2: White placed stone at position (2, 2)
2025-10-04 13:27:01,913 - INFO - Turn switched to Black
2025-10-04 13:27:01,913 - INFO - ----------------------------------------
2025-10-04 13:27:02,466 - INFO - Move 3: Black placed stone at position (3, 1)
2025-10-04 13:27:02,466 - INFO - Turn switched to White
2025-10-04 13:27:02,466 - INFO - ----------------------------------------
2025-10-04 13:27:03,119 - INFO - Move 4: White placed stone at position (1, 2)
2025-10-04 13:27:03,119 - INFO - Turn switched to Black
2025-10-04 13:27:03,119 - INFO - ----------------------------------------
2025-10-04 13:27:03,845 - INFO - Move 5: Black placed stone at position (1, 1)
2025-10-04 13:27:03,845 - INFO - Turn switched to White
2025-10-04 13:27:03,846 - INFO - ----------------------------------------
2025-10-04 13:27:04,394 - INFO - Move 6: White placed stone at position (0, 2)
2025-10-04 13:27:04,394 - INFO - Turn switched to Black
2025-10-04 13:27:04,395 - INFO - ----------------------------------------
2025-10-04 13:27:05,078 - INFO - Move 7: Black placed stone at position (3, 5)
2025-10-04 13:27:05,078 - INFO - Turn switched to White
2025-10-04 13:27:05,078 - INFO - ----------------------------------------
2025-10-04 13:27:35,926 - INFO - Game timer started
2025-10-04 13:27:35,926 - INFO - ============================================================
2025-10-04 13:27:35,926 - INFO - Game initialized - New Go Game (9x9) started
2025-10-04 13:27:35,926 - INFO - Initial time: 10 minutes per player
2025-10-04 13:27:35,926 - INFO - ============================================================
2025-10-04 13:27:42,066 - INFO - Move 1: Black placed stone at position (2, 4)
2025-10-04 13:27:42,066 - INFO - Turn switched to White
2025-10-04 13:27:42,066 - INFO - ----------------------------------------
2025-10-04 13:27:42,531 - INFO - Move 2: White placed stone at position (1, 4)
2025-10-04 13:27:42,532 - INFO - Turn switched to Black
2025-10-04 13:27:42,532 - INFO - ----------------------------------------
2025-10-04 13:27:43,177 - INFO - Move 3: Black placed stone at position (2, 5)
2025-10-04 13:27:43,177 - INFO - Turn switched to White
2025-10-04 13:27:43,177 - INFO - ----------------------------------------
2025-10-04 13:27:43,952 - INFO - Move 4: White placed stone at position (1, 3)
2025-10-04 13:27:43,952 - INFO - Turn switched to Black
2025-10-04 13:27:43,952 - INFO - ----------------------------------------
2025-10-04 13:27:44,927 - INFO - Move 5: Black placed stone at position (0, 3)
2025-10-04 13:27:44,928 - INFO - Turn switched to White
2025-10-04 13:27:44,928 - INFO - ----------------------------------------
2025-10-04 13:27:45,694 - INFO - Move 6: White placed stone at position (1, 2)
2025-10-04 13:27:45,694 - INFO - Turn switched to Black
2025-10-04 13:27:45,694 - INFO - ----------------------------------------
2025-10-04 13:27:46,449 - INFO - Move 7: Black placed stone at position (2, 2)
2025-10-04 13:27:46,450 - INFO - Turn switched to White
2025-10-04 13:27:46,450 - INFO - ----------------------------------------
2025-10-04 13:27:47,103 - INFO - Move 8: White placed stone at position (1, 1)
2025-10-04 13:27:47,104 - INFO - Turn switched to Black
2025-10-04 13:27:47,104 - INFO - ----------------------------------------
2025-10-04 13:27:48,998 - INFO - Move 9: Black placed stone at position (1, 0)
2025-10-04 13:27:48,999 - INFO - Turn switched to White
2025-10-04 13:27:48,999 - INFO - ----------------------------------------
2025-10-04 13:27:49,711 - INFO - Move 10: White placed stone at position (0, 1)
2025-10-04 13:27:49,712 - INFO - Turn switched to Black
2025-10-04 13:27:49,712 - INFO - ----------------------------------------
2025-10-04 13:28:36,639 - INFO - Move 11: Black placed stone at position (1, 5)
2025-10-04 13:28:36,640 - INFO - Turn switched to White
2025-10-04 13:28:36,640 - INFO - ----------------------------------------
2025-10-04 13:28:37,581 - INFO - Move 12: White placed stone at position (2, 3)
2025-10-04 13:28:37,581 - INFO - Turn switched to Black
2025-10-04 13:28:37,581 - INFO - ----------------------------------------
2025-10-04 13:28:38,935 - INFO - Move 13: Black placed stone at position (3, 2)
2025-10-04 13:28:38,936 - INFO - Turn switched to White
2025-10-04 13:28:38,936 - INFO - ----------------------------------------
2025-10-04 13:28:39,910 - INFO - Move 14: White placed stone at position (0, 2)
2025-10-04 13:28:39,911 - INFO - Turn switched to Black
2025-10-04 13:28:39,911 - INFO - ----------------------------------------
2025-10-04 13:28:40,711 - INFO - Move 15: Black placed stone at position (2, 1)
2025-10-04 13:28:40,711 - INFO - Turn switched to White
2025-10-04 13:28:40,711 - INFO - ----------------------------------------
2025-10-04 13:28:41,851 - INFO - Move 16: White placed stone at position (0, 0)
2025-10-04 13:28:41,852 - INFO - Turn switched to Black
2025-10-04 13:28:41,852 - INFO - ----------------------------------------
2025-10-04 13:28:43,604 - INFO - Move 17: Black placed stone at position (3, 3)
2025-10-04 13:28:43,605 - INFO - Turn switched to White
2025-10-04 13:28:43,605 - INFO - ----------------------------------------
2025-10-04 13:28:45,926 - INFO - Move 18: White placed stone at position (0, 4)
2025-10-04 13:28:45,926 - INFO - CAPTURE: White captured 1 black stone(s)
2025-10-04 13:28:45,926 - INFO - Total captures - Black: 0, White: 1
2025-10-04 13:28:45,927 - INFO - Turn switched to Black
2025-10-04 13:28:45,927 - INFO - ----------------------------------------
2025-10-04 13:28:47,581 - INFO - Move 19: Black placed stone at position (3, 4)
2025-10-04 13:28:47,582 - INFO - Turn switched to White
2025-10-04 13:28:47,582 - INFO - ----------------------------------------
2025-10-04 13:28:48,634 - INFO - Move 20: White placed stone at position (0, 5)
2025-10-04 13:28:48,635 - INFO - Turn switched to Black
2025-10-04 13:28:48,635 - INFO - ----------------------------------------
2025-10-04 13:28:49,289 - INFO - Move 21: Black placed stone at position (0, 3)
2025-10-04 13:28:49,289 - WARNING - ILLEGAL MOVE (SUICIDE): Black attempted suicide move at (0, 3) - Move rejected
2025-10-04 13:28:51,959 - INFO - Move 21: Black placed stone at position (0, 6)
2025-10-04 13:28:51,960 - INFO - Turn switched to White
2025-10-04 13:28:51,960 - INFO - ----------------------------------------
2025-10-04 13:30:03,814 - INFO - Move 22: White placed stone at position (3, 5)
2025-10-04 13:30:03,814 - INFO - Turn switched to Black
2025-10-04 13:30:03,814 - INFO - ----------------------------------------
2025-10-04 13:30:04,717 - INFO - Move 23: Black placed stone at position (2, 6)
2025-10-04 13:30:04,718 - INFO - Turn switched to White
2025-10-04 13:30:04,718 - INFO - ----------------------------------------
2025-10-04 13:30:05,700 - INFO - Move 24: White placed stone at position (4, 5)
2025-10-04 13:30:05,701 - INFO - Turn switched to Black
2025-10-04 13:30:05,701 - INFO - ----------------------------------------
2025-10-04 13:30:06,354 - INFO - Move 25: Black placed stone at position (4, 4)
2025-10-04 13:30:06,355 - INFO - Turn switched to White
2025-10-04 13:30:06,355 - INFO - ----------------------------------------
2025-10-04 13:30:06,992 - INFO - Move 26: White placed stone at position (5, 5)
2025-10-04 13:30:06,992 - INFO - Turn switched to Black
2025-10-04 13:30:06,992 - INFO - ----------------------------------------
2025-10-04 13:30:08,354 - INFO - Move 27: Black placed stone at position (6, 5)
2025-10-04 13:30:08,355 - INFO - Turn switched to White
2025-10-04 13:30:08,355 - INFO - ----------------------------------------
2025-10-04 13:30:09,217 - INFO - Move 28: White placed stone at position (5, 4)
2025-10-04 13:30:09,218 - INFO - Turn switched to Black
2025-10-04 13:30:09,218 - INFO - ----------------------------------------
2025-10-04 13:30:10,225 - INFO - Move 29: Black placed stone at position (5, 3)
2025-10-04 13:30:10,225 - INFO - Turn switched to White
2025-10-04 13:30:10,225 - INFO - ----------------------------------------
2025-10-04 13:30:11,242 - INFO - Move 30: White placed stone at position (6, 4)
2025-10-04 13:30:11,242 - INFO - Turn switched to Black
2025-10-04 13:30:11,242 - INFO - ----------------------------------------
2025-10-04 13:30:12,444 - INFO - Move 31: Black placed stone at position (7, 4)
2025-10-04 13:30:12,445 - INFO - Turn switched to White
2025-10-04 13:30:12,445 - INFO - ----------------------------------------
2025-10-04 13:30:13,662 - INFO - Move 32: White PASSED their turn
2025-10-04 13:30:13,662 - INFO - Turn switched to Black
2025-10-04 13:30:15,676 - INFO - Move 33: Black placed stone at position (6, 3)
2025-10-04 13:30:15,676 - INFO - Turn switched to White
2025-10-04 13:30:15,676 - INFO - ----------------------------------------
2025-10-04 13:30:16,742 - INFO - Move 34: White PASSED their turn
2025-10-04 13:30:16,742 - INFO - Turn switched to Black
2025-10-04 13:30:18,471 - INFO - Move 35: Black placed stone at position (5, 6)
2025-10-04 13:30:18,472 - INFO - Turn switched to White
2025-10-04 13:30:18,472 - INFO - ----------------------------------------
2025-10-04 13:30:19,346 - INFO - Move 36: White PASSED their turn
2025-10-04 13:30:19,346 - INFO - Turn switched to Black
2025-10-04 13:30:21,004 - INFO - Move 37: Black placed stone at position (4, 6)
2025-10-04 13:30:21,005 - INFO - Turn switched to White
2025-10-04 13:30:21,005 - INFO - ----------------------------------------
2025-10-04 13:30:22,742 - INFO - Move 38: White PASSED their turn
2025-10-04 13:30:22,742 - INFO - Turn switched to Black
2025-10-04 13:30:24,856 - INFO - Move 39: Black placed stone at position (3, 6)
2025-10-04 13:30:24,857 - INFO - CAPTURE: Black captured 5 white stone(s)
2025-10-04 13:30:24,857 - INFO - Total captures - Black: 5, White: 1
2025-10-04 13:30:24,857 - INFO - Turn switched to White
2025-10-04 13:30:24,857 - INFO - ----------------------------------------
2025-10-04 13:38:54,663 - WARNING - TIME OUT: White ran out of time!
2025-10-04 13:38:54,664 - INFO - GAME OVER: Black wins by timeout
2025-10-04 13:38:54,665 - INFO - Final score - Black captures: 5, White captures: 1
2025-10-04 13:38:54,665 - INFO - ============================================================
2025-10-04 13:44:11,441 - WARNING - Move attempt after game ended at position (184, 30)
2025-10-04 13:44:12,287 - WARNING - Move attempt after game ended at position (75, 181)
2025-10-04 13:44:13,211 - WARNING - Move attempt after game ended at position (355, 5)
2025-10-04 13:44:15,277 - WARNING - Move attempt after game ended at position (280, 383)
2025-10-04 13:47:50,548 - WARNING - Move attempt after game ended at position (225, 284)
2025-10-04 13:47:51,423 - WARNING - Move attempt after game ended at position (231, 275)
2025-10-04 14:08:42,661 - INFO - Game timer started
2025-10-04 14:08:42,662 - INFO - ============================================================
2025-10-04 14:08:42,662 - INFO - Game initialized - New Go Game (9x9) started
2025-10-04 14:08:42,662 - INFO - Initial time: 10 minutes per player
2025-10-04 14:08:42,662 - INFO - ============================================================
2025-10-04 14:09:14,771 - INFO - Game timer started
2025-10-04 14:09:14,771 - INFO - ============================================================
2025-10-04 14:09:14,771 - INFO - Game initialized - New Go Game (9x9) started
2025-10-04 14:09:14,771 - INFO - Initial time: 10 minutes per player
2025-10-04 14:09:14,771 - INFO - ============================================================
